#-----------------------------------------------------------
# Vivado v2019.2 (64-bit)
# SW Build 2708876 on Wed Nov  6 21:40:23 MST 2019
# IP Build 2700528 on Thu Nov  7 00:09:20 MST 2019
# Start of session at: Thu Jul 30 13:43:34 2026
# Process ID: 18660
# Current directory: C:/CodingProjects/RTLProject/LTS-SiringCPU/vivado
# Command line: vivado.exe -gui_launcher_event rodinguilauncherevent29140 C:\CodingProjects\RTLProject\LTS-SiringCPU\vivado\SiringCPU.xpr
# Log file: C:/CodingProjects/RTLProject/LTS-SiringCPU/vivado/vivado.log
# Journal file: C:/CodingProjects/RTLProject/LTS-SiringCPU/vivado\vivado.jou
#-----------------------------------------------------------
start_gui
open_project C:/CodingProjects/RTLProject/LTS-SiringCPU/vivado/SiringCPU.xpr
Scanning sources...
Finished scanning sources
INFO: [IP_Flow 19-234] Refreshing IP repositories
INFO: [IP_Flow 19-1704] No user IP repositories specified
INFO: [IP_Flow 19-2313] Loaded Vivado IP repository 'C:/Xilinx/Vivado/2019.2/data/ip'.
open_project: Time (s): cpu = 00:00:13 ; elapsed = 00:00:07 . Memory (MB): peak = 921.375 ; gain = 186.910
update_compile_order -fileset sources_1
export_ip_user_files -of_objects  [get_files C:/CodingProjects/RTLProject/LTS-SiringCPU/vivado/SiringCPU.srcs/sources_1/ip/block_ram/block_ram.xci] -no_script -reset -force -quiet
remove_files  -fileset block_ram C:/CodingProjects/RTLProject/LTS-SiringCPU/vivado/SiringCPU.srcs/sources_1/ip/block_ram/block_ram.xci
INFO: [Project 1-386] Moving file 'C:/CodingProjects/RTLProject/LTS-SiringCPU/vivado/SiringCPU.srcs/sources_1/ip/block_ram/block_ram.xci' from fileset 'block_ram' to fileset 'sources_1'.
file delete -force C:/CodingProjects/RTLProject/LTS-SiringCPU/vivado/SiringCPU.srcs/sources_1/ip/block_ram
WARNING: [IP_Flow 19-4067] Ignoring invalid widget type specified checkbox.Providing a default widget
WARNING: [IP_Flow 19-4067] Ignoring invalid widget type specified checkbox.Providing a default widget
create_ip -name blk_mem_gen -vendor xilinx.com -library ip -version 8.4 -module_name UART_window -dir c:/CodingProjects/RTLProject/LTS-SiringCPU/vivado/SiringCPU.srcs/sources_1/ip
set_property -dict [list CONFIG.Component_Name {UART_window} CONFIG.Memory_Type {True_Dual_Port_RAM} CONFIG.Write_Width_A {32} CONFIG.Write_Depth_A {65536} CONFIG.Read_Width_A {32} CONFIG.Write_Width_B {32} CONFIG.Read_Width_B {32} CONFIG.Enable_B {Use_ENB_Pin} CONFIG.Register_PortB_Output_of_Memory_Primitives {true} CONFIG.Port_B_Clock {100} CONFIG.Port_B_Write_Rate {50} CONFIG.Port_B_Enable_Rate {100}] [get_ips UART_window]
WARNING: [Vivado 12-3523] Attempt to change 'Component_Name' from 'UART_window' to 'UART_window' is not allowed and is ignored.
generate_target {instantiation_template} [get_files c:/CodingProjects/RTLProject/LTS-SiringCPU/vivado/SiringCPU.srcs/sources_1/ip/UART_window/UART_window.xci]
INFO: [IP_Flow 19-1686] Generating 'Instantiation Template' target for IP 'UART_window'...
generate_target all [get_files  c:/CodingProjects/RTLProject/LTS-SiringCPU/vivado/SiringCPU.srcs/sources_1/ip/UART_window/UART_window.xci]
INFO: [IP_Flow 19-1686] Generating 'Synthesis' target for IP 'UART_window'...
INFO: [IP_Flow 19-1686] Generating 'Simulation' target for IP 'UART_window'...
INFO: [IP_Flow 19-1686] Generating 'Miscellaneous' target for IP 'UART_window'...
INFO: [IP_Flow 19-1686] Generating 'Change Log' target for IP 'UART_window'...
catch { config_ip_cache -export [get_ips -all UART_window] }
INFO: [IP_Flow 19-4993] Using cached IP synthesis design for IP UART_window, cache-ID = 41e3350439cd4723; cache size = 3.434 MB.
export_ip_user_files -of_objects [get_files c:/CodingProjects/RTLProject/LTS-SiringCPU/vivado/SiringCPU.srcs/sources_1/ip/UART_window/UART_window.xci] -no_script -sync -force -quiet
create_ip_run [get_files -of_objects [get_fileset sources_1] c:/CodingProjects/RTLProject/LTS-SiringCPU/vivado/SiringCPU.srcs/sources_1/ip/UART_window/UART_window.xci]
INFO: [Vivado 12-3453] The given sub-design is up-to-date, no action was taken.  If a run is still desired, use the '-force' option for the file:'c:/CodingProjects/RTLProject/LTS-SiringCPU/vivado/SiringCPU.srcs/sources_1/ip/UART_window/UART_window.xci'
export_simulation -of_objects [get_files c:/CodingProjects/RTLProject/LTS-SiringCPU/vivado/SiringCPU.srcs/sources_1/ip/UART_window/UART_window.xci] -directory C:/CodingProjects/RTLProject/LTS-SiringCPU/vivado/SiringCPU.ip_user_files/sim_scripts -ip_user_files_dir C:/CodingProjects/RTLProject/LTS-SiringCPU/vivado/SiringCPU.ip_user_files -ipstatic_source_dir C:/CodingProjects/RTLProject/LTS-SiringCPU/vivado/SiringCPU.ip_user_files/ipstatic -lib_map_path [list {modelsim=C:/CodingProjects/RTLProject/LTS-SiringCPU/vivado/SiringCPU.cache/compile_simlib/modelsim} {questa=C:/CodingProjects/RTLProject/LTS-SiringCPU/vivado/SiringCPU.cache/compile_simlib/questa} {riviera=C:/CodingProjects/RTLProject/LTS-SiringCPU/vivado/SiringCPU.cache/compile_simlib/riviera} {activehdl=C:/CodingProjects/RTLProject/LTS-SiringCPU/vivado/SiringCPU.cache/compile_simlib/activehdl}] -use_ip_compiled_libs -force -quiet
WARNING: [IP_Flow 19-4067] Ignoring invalid widget type specified checkbox.Providing a default widget
WARNING: [IP_Flow 19-4067] Ignoring invalid widget type specified checkbox.Providing a default widget
set_property -dict [list CONFIG.Memory_Type {Single_Port_RAM} CONFIG.Enable_B {Always_Enabled} CONFIG.Register_PortB_Output_of_Memory_Primitives {false} CONFIG.Port_B_Clock {0} CONFIG.Port_B_Write_Rate {0} CONFIG.Port_B_Enable_Rate {0}] [get_ips UART_window]
generate_target all [get_files  c:/CodingProjects/RTLProject/LTS-SiringCPU/vivado/SiringCPU.srcs/sources_1/ip/UART_window/UART_window.xci]
INFO: [IP_Flow 19-1686] Generating 'Instantiation Template' target for IP 'UART_window'...
INFO: [IP_Flow 19-1686] Generating 'Synthesis' target for IP 'UART_window'...
INFO: [IP_Flow 19-1686] Generating 'Simulation' target for IP 'UART_window'...
INFO: [IP_Flow 19-1686] Generating 'Miscellaneous' target for IP 'UART_window'...
INFO: [IP_Flow 19-1686] Generating 'Change Log' target for IP 'UART_window'...
catch { config_ip_cache -export [get_ips -all UART_window] }
export_ip_user_files -of_objects [get_files c:/CodingProjects/RTLProject/LTS-SiringCPU/vivado/SiringCPU.srcs/sources_1/ip/UART_window/UART_window.xci] -no_script -sync -force -quiet
create_ip_run [get_files -of_objects [get_fileset sources_1] c:/CodingProjects/RTLProject/LTS-SiringCPU/vivado/SiringCPU.srcs/sources_1/ip/UART_window/UART_window.xci]
launch_runs -jobs 8 UART_window_synth_1
[Thu Jul 30 14:06:47 2026] Launched UART_window_synth_1...
Run output will be captured here: C:/CodingProjects/RTLProject/LTS-SiringCPU/vivado/SiringCPU.runs/UART_window_synth_1/runme.log
export_simulation -of_objects [get_files c:/CodingProjects/RTLProject/LTS-SiringCPU/vivado/SiringCPU.srcs/sources_1/ip/UART_window/UART_window.xci] -directory C:/CodingProjects/RTLProject/LTS-SiringCPU/vivado/SiringCPU.ip_user_files/sim_scripts -ip_user_files_dir C:/CodingProjects/RTLProject/LTS-SiringCPU/vivado/SiringCPU.ip_user_files -ipstatic_source_dir C:/CodingProjects/RTLProject/LTS-SiringCPU/vivado/SiringCPU.ip_user_files/ipstatic -lib_map_path [list {modelsim=C:/CodingProjects/RTLProject/LTS-SiringCPU/vivado/SiringCPU.cache/compile_simlib/modelsim} {questa=C:/CodingProjects/RTLProject/LTS-SiringCPU/vivado/SiringCPU.cache/compile_simlib/questa} {riviera=C:/CodingProjects/RTLProject/LTS-SiringCPU/vivado/SiringCPU.cache/compile_simlib/riviera} {activehdl=C:/CodingProjects/RTLProject/LTS-SiringCPU/vivado/SiringCPU.cache/compile_simlib/activehdl}] -use_ip_compiled_libs -force -quiet
WARNING: [IP_Flow 19-4067] Ignoring invalid widget type specified checkbox.Providing a default widget
WARNING: [IP_Flow 19-4067] Ignoring invalid widget type specified checkbox.Providing a default widget
